<html>
<body>
<pre>
<h1>µVision Build Log</h1>
<h2>Tool Versions:</h2>
IDE-Version: µVision V5.18a
Copyright (C) 2016 ARM Ltd and ARM Germany GmbH. All rights reserved.
License Information: Deni Tyurin, Auriga Inc, LIC=RUUPE-5T3G2-L3C4L-DKB74-95MI8-3BTFM
 
Tool Versions:
Toolchain:       MDK-ARM Cortex-M0/M0+ 256K for ST  Version: 5.18a
Toolchain Path:  C:\Users\denis.tyurin\Keil\ARM\ARMCC\Bin
C Compiler:      Armcc.exe V5.06 update 1 (build 61)
Assembler:       Armasm.exe V5.06 update 1 (build 61)
Linker/Locator:  ArmLink.exe V5.06 update 1 (build 61)
Library Manager: ArmAr.exe V5.06 update 1 (build 61)
Hex Converter:   FromElf.exe V5.06 update 1 (build 61)
CPU DLL:         SARMCM3.DLL V5.18a
Dialog DLL:      DARMCM1.DLL V1.12.0.0
Target DLL:      STLink\ST-LINKIII-KEIL_SWO.dll V2.0.18.0
Dialog DLL:      TARMCM1.DLL V1.9.0.0
 
<h2>Project:</h2>
C:\Users\denis.tyurin\Desktop\GIT\IRtoUSB\Firmware\IRtoUSB\MDK-ARM\IRtoUSB.uvprojx
Project File Date:  04/01/2016

<h2>Output:</h2>
*** Using Compiler 'V5.06 update 1 (build 61)', folder: 'C:\Users\denis.tyurin\Keil\ARM\ARMCC\Bin'
Build target 'IRtoUSB'
compiling main.c...
compiling usb_device.c...
compiling usbd_hid.c...
compiling usbd_conf.c...
linking...
Program Size: Code=10820 RO-data=240 RW-data=248 ZI-data=2712  
"IRtoUSB\IRtoUSB.axf" - 0 Error(s), 0 Warning(s).

<h2>Software Packages used:</h2>

Package Vendor: ARM
                http://www.keil.com/pack/ARM.CMSIS.4.5.0.pack
                ARM::CMSIS:CORE:4.3.0
                CMSIS (Cortex Microcontroller Software Interface Standard)
   * Component: CORE Version: 4.3.0

<h2>Collection of Component include folders:</h2>
  C:\Users\denis.tyurin\Desktop\GIT\IRtoUSB\Firmware\IRtoUSB\MDK-ARM\RTE
  C:\Users\denis.tyurin\Keil\ARM\PACK\ARM\CMSIS\4.5.0\CMSIS\Include
  C:\Users\denis.tyurin\Keil\ARM\PACK\Keil\STM32F0xx_DFP\1.4.0\Device\Include

<h2>Collection of Component Files used:</h2>

   * Component: ARM::CMSIS:CORE:4.3.0
Build Time Elapsed:  00:00:02
</pre>
</body>
</html>
