Component: ARM Compiler 5.06 update 1 (build 61) Tool: armlink [4d35a8]

==============================================================================

Section Cross References

    main.o(i.main) refers to led.o(i.leds_init) for leds_init
    main.o(i.main) refers to usbd_core.o(i.USBD_Init) for USBD_Init
    main.o(i.main) refers to led.o(i.leds_red_on) for leds_red_on
    main.o(i.main) refers to main.o(i.Soft_Delay) for Soft_Delay
    main.o(i.main) refers to led.o(i.leds_red_off) for leds_red_off
    main.o(i.main) refers to usbd_usr.o(.data) for USR_cb
    main.o(i.main) refers to usbd_hid_core.o(.data) for USBD_HID_cb
    main.o(i.main) refers to usbd_desc.o(.data) for USR_desc
    main.o(i.main) refers to main.o(.bss) for USB_Device_dev
    usbd_hid_core.o(i.USBD_HID_DeInit) refers to usb_dcd.o(i.DCD_EP_Close) for DCD_EP_Close
    usbd_hid_core.o(i.USBD_HID_GetCfgDesc) refers to usbd_hid_core.o(.constdata) for USBD_HID_CfgDesc
    usbd_hid_core.o(i.USBD_HID_Init) refers to usb_dcd.o(i.DCD_PMA_Config) for DCD_PMA_Config
    usbd_hid_core.o(i.USBD_HID_Init) refers to usb_dcd.o(i.DCD_EP_Open) for DCD_EP_Open
    usbd_hid_core.o(i.USBD_HID_SendReport) refers to usb_dcd.o(i.DCD_EP_Tx) for DCD_EP_Tx
    usbd_hid_core.o(i.USBD_HID_Setup) refers to usbd_ioreq.o(i.USBD_CtlSendData) for USBD_CtlSendData
    usbd_hid_core.o(i.USBD_HID_Setup) refers to usbd_req.o(i.USBD_CtlError) for USBD_CtlError
    usbd_hid_core.o(i.USBD_HID_Setup) refers to usbd_hid_core.o(.data) for USBD_HID_Protocol
    usbd_hid_core.o(i.USBD_HID_Setup) refers to usbd_hid_core.o(.constdata) for HID_MOUSE_ReportDesc
    usbd_hid_core.o(.data) refers to usbd_hid_core.o(i.USBD_HID_Init) for USBD_HID_Init
    usbd_hid_core.o(.data) refers to usbd_hid_core.o(i.USBD_HID_DeInit) for USBD_HID_DeInit
    usbd_hid_core.o(.data) refers to usbd_hid_core.o(i.USBD_HID_Setup) for USBD_HID_Setup
    usbd_hid_core.o(.data) refers to usbd_hid_core.o(i.USBD_HID_GetCfgDesc) for USBD_HID_GetCfgDesc
    usbd_core.o(i.USBD_DataInStage) refers to usbd_ioreq.o(i.USBD_CtlContinueSendData) for USBD_CtlContinueSendData
    usbd_core.o(i.USBD_DataInStage) refers to aeabi_sdiv.o(.text) for __aeabi_uidivmod
    usbd_core.o(i.USBD_DataInStage) refers to usbd_ioreq.o(i.USBD_CtlReceiveStatus) for USBD_CtlReceiveStatus
    usbd_core.o(i.USBD_DataInStage) refers to usb_dcd.o(i.DCD_EP_SetAddress) for DCD_EP_SetAddress
    usbd_core.o(i.USBD_DataInStage) refers to usbd_req.o(.data) for ADDRESS
    usbd_core.o(i.USBD_DataOutStage) refers to usbd_ioreq.o(i.USBD_CtlContinueRx) for USBD_CtlContinueRx
    usbd_core.o(i.USBD_DataOutStage) refers to usbd_ioreq.o(i.USBD_CtlSendStatus) for USBD_CtlSendStatus
    usbd_core.o(i.USBD_Init) refers to usbd_core.o(i.USBD_DeInit) for USBD_DeInit
    usbd_core.o(i.USBD_Init) refers to usbd_desc.o(i.Get_SerialNum) for Get_SerialNum
    usbd_core.o(i.USBD_Init) refers to usb_dcd.o(i.DCD_Init) for DCD_Init
    usbd_core.o(i.USBD_Init) refers to usb_dcd.o(i.DCD_DevConnect) for DCD_DevConnect
    usbd_core.o(i.USBD_Reset) refers to usb_dcd.o(i.DCD_PMA_Config) for DCD_PMA_Config
    usbd_core.o(i.USBD_Reset) refers to usb_dcd.o(i.DCD_EP_Open) for DCD_EP_Open
    usbd_core.o(i.USBD_SetupStage) refers to usbd_req.o(i.USBD_ParseSetupRequest) for USBD_ParseSetupRequest
    usbd_core.o(i.USBD_SetupStage) refers to usbd_req.o(i.USBD_StdDevReq) for USBD_StdDevReq
    usbd_core.o(i.USBD_SetupStage) refers to usbd_req.o(i.USBD_StdItfReq) for USBD_StdItfReq
    usbd_core.o(i.USBD_SetupStage) refers to usbd_req.o(i.USBD_StdEPReq) for USBD_StdEPReq
    usbd_core.o(i.USBD_SetupStage) refers to usb_dcd.o(i.DCD_EP_Stall) for DCD_EP_Stall
    usbd_core.o(.data) refers to usbd_core.o(i.USBD_DataOutStage) for USBD_DataOutStage
    usbd_core.o(.data) refers to usbd_core.o(i.USBD_DataInStage) for USBD_DataInStage
    usbd_core.o(.data) refers to usbd_core.o(i.USBD_SetupStage) for USBD_SetupStage
    usbd_core.o(.data) refers to usbd_core.o(i.USBD_SOF) for USBD_SOF
    usbd_core.o(.data) refers to usbd_core.o(i.USBD_Reset) for USBD_Reset
    usbd_core.o(.data) refers to usbd_core.o(i.USBD_Suspend) for USBD_Suspend
    usbd_core.o(.data) refers to usbd_core.o(i.USBD_Resume) for USBD_Resume
    usbd_usr.o(i.USBD_USR_Init) refers to aeabi_sdiv.o(.text) for __aeabi_uidivmod
    usbd_usr.o(i.USBD_USR_Init) refers to usbd_usr.o(i.NVIC_SetPriority) for NVIC_SetPriority
    usbd_usr.o(i.USBD_USR_Init) refers to system_stm32f0xx.o(.data) for SystemCoreClock
    usbd_usr.o(.data) refers to usbd_usr.o(i.USBD_USR_Init) for USBD_USR_Init
    usbd_usr.o(.data) refers to usbd_usr.o(i.USBD_USR_DeviceReset) for USBD_USR_DeviceReset
    usbd_usr.o(.data) refers to usbd_usr.o(i.USBD_USR_DeviceConfigured) for USBD_USR_DeviceConfigured
    usbd_usr.o(.data) refers to usbd_usr.o(i.USBD_USR_DeviceSuspended) for USBD_USR_DeviceSuspended
    usbd_usr.o(.data) refers to usbd_usr.o(i.USBD_USR_DeviceResumed) for USBD_USR_DeviceResumed
    usbd_desc.o(i.Get_SerialNum) refers to usbd_desc.o(i.IntToUnicode) for IntToUnicode
    usbd_desc.o(i.Get_SerialNum) refers to usbd_desc.o(.data) for USBD_StringSerial
    usbd_desc.o(i.USBD_USR_ConfigStrDescriptor) refers to usbd_req.o(i.USBD_GetString) for USBD_GetString
    usbd_desc.o(i.USBD_USR_ConfigStrDescriptor) refers to usbd_req.o(.bss) for USBD_StrDesc
    usbd_desc.o(i.USBD_USR_DeviceDescriptor) refers to usbd_desc.o(.constdata) for USBD_DeviceDesc
    usbd_desc.o(i.USBD_USR_InterfaceStrDescriptor) refers to usbd_req.o(i.USBD_GetString) for USBD_GetString
    usbd_desc.o(i.USBD_USR_InterfaceStrDescriptor) refers to usbd_req.o(.bss) for USBD_StrDesc
    usbd_desc.o(i.USBD_USR_LangIDStrDescriptor) refers to usbd_desc.o(.constdata) for USBD_LangIDDesc
    usbd_desc.o(i.USBD_USR_ManufacturerStrDescriptor) refers to usbd_req.o(i.USBD_GetString) for USBD_GetString
    usbd_desc.o(i.USBD_USR_ManufacturerStrDescriptor) refers to usbd_req.o(.bss) for USBD_StrDesc
    usbd_desc.o(i.USBD_USR_ProductStrDescriptor) refers to usbd_req.o(i.USBD_GetString) for USBD_GetString
    usbd_desc.o(i.USBD_USR_ProductStrDescriptor) refers to usbd_req.o(.bss) for USBD_StrDesc
    usbd_desc.o(i.USBD_USR_SerialStrDescriptor) refers to usbd_desc.o(.data) for USBD_StringSerial
    usbd_desc.o(.data) refers to usbd_desc.o(i.USBD_USR_DeviceDescriptor) for USBD_USR_DeviceDescriptor
    usbd_desc.o(.data) refers to usbd_desc.o(i.USBD_USR_LangIDStrDescriptor) for USBD_USR_LangIDStrDescriptor
    usbd_desc.o(.data) refers to usbd_desc.o(i.USBD_USR_ManufacturerStrDescriptor) for USBD_USR_ManufacturerStrDescriptor
    usbd_desc.o(.data) refers to usbd_desc.o(i.USBD_USR_ProductStrDescriptor) for USBD_USR_ProductStrDescriptor
    usbd_desc.o(.data) refers to usbd_desc.o(i.USBD_USR_SerialStrDescriptor) for USBD_USR_SerialStrDescriptor
    usbd_desc.o(.data) refers to usbd_desc.o(i.USBD_USR_ConfigStrDescriptor) for USBD_USR_ConfigStrDescriptor
    usbd_desc.o(.data) refers to usbd_desc.o(i.USBD_USR_InterfaceStrDescriptor) for USBD_USR_InterfaceStrDescriptor
    usb_dcd.o(i.DCD_Init) refers to usb_dcd.o(.data) for wInterrupt_Mask
    usbd_req.o(i.USBD_ClrFeature) refers to usbd_ioreq.o(i.USBD_CtlSendStatus) for USBD_CtlSendStatus
    usbd_req.o(i.USBD_ClrFeature) refers to usbd_req.o(i.USBD_CtlError) for USBD_CtlError
    usbd_req.o(i.USBD_CtlError) refers to usb_dcd.o(i.DCD_EP_Stall) for DCD_EP_Stall
    usbd_req.o(i.USBD_GetConfig) refers to usbd_req.o(i.USBD_CtlError) for USBD_CtlError
    usbd_req.o(i.USBD_GetConfig) refers to usbd_ioreq.o(i.USBD_CtlSendData) for USBD_CtlSendData
    usbd_req.o(i.USBD_GetDescriptor) refers to usbd_req.o(i.__ARM_common_switch8) for __ARM_common_switch8
    usbd_req.o(i.USBD_GetDescriptor) refers to usbd_req.o(i.USBD_CtlError) for USBD_CtlError
    usbd_req.o(i.USBD_GetDescriptor) refers to usbd_ioreq.o(i.USBD_CtlSendData) for USBD_CtlSendData
    usbd_req.o(i.USBD_GetStatus) refers to usbd_ioreq.o(i.USBD_CtlSendData) for USBD_CtlSendData
    usbd_req.o(i.USBD_GetStatus) refers to usbd_req.o(i.USBD_CtlError) for USBD_CtlError
    usbd_req.o(i.USBD_GetString) refers to usbd_req.o(i.USBD_GetLen) for USBD_GetLen
    usbd_req.o(i.USBD_SetAddress) refers to usbd_req.o(i.USBD_CtlError) for USBD_CtlError
    usbd_req.o(i.USBD_SetAddress) refers to usbd_ioreq.o(i.USBD_CtlSendStatus) for USBD_CtlSendStatus
    usbd_req.o(i.USBD_SetAddress) refers to usbd_req.o(.data) for ADDRESS
    usbd_req.o(i.USBD_SetConfig) refers to usbd_req.o(i.USBD_CtlError) for USBD_CtlError
    usbd_req.o(i.USBD_SetConfig) refers to usbd_core.o(i.USBD_SetCfg) for USBD_SetCfg
    usbd_req.o(i.USBD_SetConfig) refers to usbd_ioreq.o(i.USBD_CtlSendStatus) for USBD_CtlSendStatus
    usbd_req.o(i.USBD_SetConfig) refers to usbd_core.o(i.USBD_ClrCfg) for USBD_ClrCfg
    usbd_req.o(i.USBD_SetConfig) refers to usbd_req.o(.data) for cfgidx
    usbd_req.o(i.USBD_SetFeature) refers to usbd_ioreq.o(i.USBD_CtlSendStatus) for USBD_CtlSendStatus
    usbd_req.o(i.USBD_StdDevReq) refers to usbd_req.o(i.__ARM_common_switch8) for __ARM_common_switch8
    usbd_req.o(i.USBD_StdDevReq) refers to usbd_req.o(i.USBD_GetDescriptor) for USBD_GetDescriptor
    usbd_req.o(i.USBD_StdDevReq) refers to usbd_req.o(i.USBD_SetAddress) for USBD_SetAddress
    usbd_req.o(i.USBD_StdDevReq) refers to usbd_req.o(i.USBD_SetConfig) for USBD_SetConfig
    usbd_req.o(i.USBD_StdDevReq) refers to usbd_req.o(i.USBD_GetConfig) for USBD_GetConfig
    usbd_req.o(i.USBD_StdDevReq) refers to usbd_req.o(i.USBD_GetStatus) for USBD_GetStatus
    usbd_req.o(i.USBD_StdDevReq) refers to usbd_req.o(i.USBD_SetFeature) for USBD_SetFeature
    usbd_req.o(i.USBD_StdDevReq) refers to usbd_req.o(i.USBD_ClrFeature) for USBD_ClrFeature
    usbd_req.o(i.USBD_StdDevReq) refers to usbd_req.o(i.USBD_CtlError) for USBD_CtlError
    usbd_req.o(i.USBD_StdEPReq) refers to usb_dcd.o(i.DCD_EP_Stall) for DCD_EP_Stall
    usbd_req.o(i.USBD_StdEPReq) refers to usbd_ioreq.o(i.USBD_CtlSendStatus) for USBD_CtlSendStatus
    usbd_req.o(i.USBD_StdEPReq) refers to usbd_req.o(i.USBD_CtlError) for USBD_CtlError
    usbd_req.o(i.USBD_StdEPReq) refers to usb_dcd.o(i.DCD_EP_ClrStall) for DCD_EP_ClrStall
    usbd_req.o(i.USBD_StdEPReq) refers to usbd_ioreq.o(i.USBD_CtlSendData) for USBD_CtlSendData
    usbd_req.o(i.USBD_StdItfReq) refers to usbd_ioreq.o(i.USBD_CtlSendStatus) for USBD_CtlSendStatus
    usbd_req.o(i.USBD_StdItfReq) refers to usbd_req.o(i.USBD_CtlError) for USBD_CtlError
    usbd_ioreq.o(i.USBD_CtlContinueRx) refers to usb_dcd.o(i.DCD_EP_PrepareRx) for DCD_EP_PrepareRx
    usbd_ioreq.o(i.USBD_CtlContinueSendData) refers to usb_dcd.o(i.DCD_EP_Tx) for DCD_EP_Tx
    usbd_ioreq.o(i.USBD_CtlPrepareRx) refers to usb_dcd.o(i.DCD_EP_PrepareRx) for DCD_EP_PrepareRx
    usbd_ioreq.o(i.USBD_CtlReceiveStatus) refers to usb_dcd.o(i.DCD_EP_PrepareRx) for DCD_EP_PrepareRx
    usbd_ioreq.o(i.USBD_CtlSendData) refers to usb_dcd.o(i.DCD_EP_Tx) for DCD_EP_Tx
    usbd_ioreq.o(i.USBD_CtlSendStatus) refers to usb_dcd.o(i.DCD_EP_Tx) for DCD_EP_Tx
    startup_stm32f070xb.o(STACK) refers (Special) to heapauxi.o(.text) for __use_two_region_memory
    startup_stm32f070xb.o(HEAP) refers (Special) to heapauxi.o(.text) for __use_two_region_memory
    startup_stm32f070xb.o(RESET) refers (Special) to heapauxi.o(.text) for __use_two_region_memory
    startup_stm32f070xb.o(RESET) refers to startup_stm32f070xb.o(STACK) for __initial_sp
    startup_stm32f070xb.o(RESET) refers to startup_stm32f070xb.o(.text) for Reset_Handler
    startup_stm32f070xb.o(.text) refers (Special) to heapauxi.o(.text) for __use_two_region_memory
    startup_stm32f070xb.o(.text) refers to startup_stm32f070xb.o(STACK) for __initial_sp
    startup_stm32f070xb.o(.text) refers to system_stm32f0xx.o(i.SystemInit) for SystemInit
    startup_stm32f070xb.o(.text) refers to __main.o(!!!main) for __main
    startup_stm32f070xb.o(.text) refers to startup_stm32f070xb.o(HEAP) for Heap_Mem
    system_stm32f0xx.o(i.SystemCoreClockUpdate) refers to aeabi_sdiv.o(.text) for __aeabi_uidivmod
    system_stm32f0xx.o(i.SystemCoreClockUpdate) refers to system_stm32f0xx.o(.data) for SystemCoreClock
    system_stm32f0xx.o(i.SystemInit) refers to system_stm32f0xx.o(i.SetSysClock) for SetSysClock
    __main.o(!!!main) refers to __rtentry.o(.ARM.Collect$$rtentry$$00000000) for __rt_entry
    __rtentry.o(.ARM.Collect$$rtentry$$00000000) refers (Special) to __rtentry2.o(.ARM.Collect$$rtentry$$0000000A) for __rt_entry_li
    __rtentry.o(.ARM.Collect$$rtentry$$00000000) refers (Special) to __rtentry2.o(.ARM.Collect$$rtentry$$0000000D) for __rt_entry_main
    __rtentry.o(.ARM.Collect$$rtentry$$00000000) refers (Special) to __rtentry2.o(.ARM.Collect$$rtentry$$0000000C) for __rt_entry_postli_1
    __rtentry.o(.ARM.Collect$$rtentry$$00000000) refers (Special) to __rtentry2.o(.ARM.Collect$$rtentry$$00000009) for __rt_entry_postsh_1
    __rtentry.o(.ARM.Collect$$rtentry$$00000000) refers (Special) to __rtentry2.o(.ARM.Collect$$rtentry$$00000002) for __rt_entry_presh_1
    __rtentry.o(.ARM.Collect$$rtentry$$00000000) refers (Special) to __rtentry4.o(.ARM.Collect$$rtentry$$00000004) for __rt_entry_sh
    aeabi_idiv0_sigfpe.o(.text) refers to rt_div0.o(.text) for __rt_div0
    __rtentry2.o(.ARM.Collect$$rtentry$$00000008) refers to boardinit2.o(.text) for _platform_post_stackheap_init
    __rtentry2.o(.ARM.Collect$$rtentry$$0000000A) refers to libinit.o(.ARM.Collect$$libinit$$00000000) for __rt_lib_init
    __rtentry2.o(.ARM.Collect$$rtentry$$0000000B) refers to boardinit3.o(.text) for _platform_post_lib_init
    __rtentry2.o(.ARM.Collect$$rtentry$$0000000D) refers to main.o(i.main) for main
    __rtentry2.o(.ARM.Collect$$rtentry$$0000000D) refers to exit.o(.text) for exit
    __rtentry2.o(.ARM.exidx) refers to __rtentry2.o(.ARM.Collect$$rtentry$$00000001) for .ARM.Collect$$rtentry$$00000001
    __rtentry2.o(.ARM.exidx) refers to __rtentry2.o(.ARM.Collect$$rtentry$$00000008) for .ARM.Collect$$rtentry$$00000008
    __rtentry2.o(.ARM.exidx) refers to __rtentry2.o(.ARM.Collect$$rtentry$$0000000A) for .ARM.Collect$$rtentry$$0000000A
    __rtentry2.o(.ARM.exidx) refers to __rtentry2.o(.ARM.Collect$$rtentry$$0000000B) for .ARM.Collect$$rtentry$$0000000B
    __rtentry2.o(.ARM.exidx) refers to __rtentry2.o(.ARM.Collect$$rtentry$$0000000D) for .ARM.Collect$$rtentry$$0000000D
    __rtentry4.o(.ARM.Collect$$rtentry$$00000004) refers to sys_stackheap_outer.o(.text) for __user_setup_stackheap
    __rtentry4.o(.ARM.exidx) refers to __rtentry4.o(.ARM.Collect$$rtentry$$00000004) for .ARM.Collect$$rtentry$$00000004
    rt_div0.o(.text) refers to defsig_fpe_outer.o(.text) for __rt_SIGFPE
    sys_stackheap_outer.o(.text) refers to libspace.o(.text) for __user_perproc_libspace
    sys_stackheap_outer.o(.text) refers to startup_stm32f070xb.o(.text) for __user_initial_stackheap
    sys_stackheap_outer.o(__vectab_stack_and_reset_area) refers to tempstk.o(.text) for __temporary_stack_top
    sys_stackheap_outer.o(__vectab_stack_and_reset_area) refers to __main.o(!!!main) for __main
    exit.o(.text) refers to rtexit.o(.ARM.Collect$$rtexit$$00000000) for __rt_exit
    defsig_fpe_outer.o(.text) refers to defsig_fpe_inner.o(.text) for __rt_SIGFPE_inner
    defsig_fpe_outer.o(.text) refers to defsig_exit.o(.text) for __sig_exit
    defsig_fpe_formal.o(.text) refers to rt_raise.o(.text) for __rt_raise
    libinit.o(.ARM.Collect$$libinit$$00000000) refers (Special) to libinit2.o(.ARM.Collect$$libinit$$0000002E) for __rt_lib_init_alloca_1
    libinit.o(.ARM.Collect$$libinit$$00000000) refers (Special) to libinit2.o(.ARM.Collect$$libinit$$0000002C) for __rt_lib_init_argv_1
    libinit.o(.ARM.Collect$$libinit$$00000000) refers (Special) to libinit2.o(.ARM.Collect$$libinit$$0000001B) for __rt_lib_init_atexit_1
    libinit.o(.ARM.Collect$$libinit$$00000000) refers (Special) to libinit2.o(.ARM.Collect$$libinit$$00000021) for __rt_lib_init_clock_1
    libinit.o(.ARM.Collect$$libinit$$00000000) refers (Special) to libinit2.o(.ARM.Collect$$libinit$$00000032) for __rt_lib_init_cpp_1
    libinit.o(.ARM.Collect$$libinit$$00000000) refers (Special) to libinit2.o(.ARM.Collect$$libinit$$00000030) for __rt_lib_init_exceptions_1
    libinit.o(.ARM.Collect$$libinit$$00000000) refers (Special) to libinit2.o(.ARM.Collect$$libinit$$00000002) for __rt_lib_init_fp_1
    libinit.o(.ARM.Collect$$libinit$$00000000) refers (Special) to libinit2.o(.ARM.Collect$$libinit$$0000001F) for __rt_lib_init_fp_trap_1
    libinit.o(.ARM.Collect$$libinit$$00000000) refers (Special) to libinit2.o(.ARM.Collect$$libinit$$00000023) for __rt_lib_init_getenv_1
    libinit.o(.ARM.Collect$$libinit$$00000000) refers (Special) to libinit2.o(.ARM.Collect$$libinit$$0000000A) for __rt_lib_init_heap_1
    libinit.o(.ARM.Collect$$libinit$$00000000) refers (Special) to libinit2.o(.ARM.Collect$$libinit$$00000011) for __rt_lib_init_lc_collate_1
    libinit.o(.ARM.Collect$$libinit$$00000000) refers (Special) to libinit2.o(.ARM.Collect$$libinit$$00000013) for __rt_lib_init_lc_ctype_1
    libinit.o(.ARM.Collect$$libinit$$00000000) refers (Special) to libinit2.o(.ARM.Collect$$libinit$$00000015) for __rt_lib_init_lc_monetary_1
    libinit.o(.ARM.Collect$$libinit$$00000000) refers (Special) to libinit2.o(.ARM.Collect$$libinit$$00000017) for __rt_lib_init_lc_numeric_1
    libinit.o(.ARM.Collect$$libinit$$00000000) refers (Special) to libinit2.o(.ARM.Collect$$libinit$$00000019) for __rt_lib_init_lc_time_1
    libinit.o(.ARM.Collect$$libinit$$00000000) refers (Special) to libinit2.o(.ARM.Collect$$libinit$$00000004) for __rt_lib_init_preinit_1
    libinit.o(.ARM.Collect$$libinit$$00000000) refers (Special) to libinit2.o(.ARM.Collect$$libinit$$0000000E) for __rt_lib_init_rand_1
    libinit.o(.ARM.Collect$$libinit$$00000000) refers (Special) to libinit2.o(.ARM.Collect$$libinit$$00000033) for __rt_lib_init_return
    libinit.o(.ARM.Collect$$libinit$$00000000) refers (Special) to libinit2.o(.ARM.Collect$$libinit$$0000001D) for __rt_lib_init_signal_1
    libinit.o(.ARM.Collect$$libinit$$00000000) refers (Special) to libinit2.o(.ARM.Collect$$libinit$$00000025) for __rt_lib_init_stdio_1
    libinit.o(.ARM.Collect$$libinit$$00000000) refers (Special) to libinit2.o(.ARM.Collect$$libinit$$0000000C) for __rt_lib_init_user_alloc_1
    libspace.o(.text) refers to libspace.o(.bss) for __libspace_start
    rtexit.o(.ARM.Collect$$rtexit$$00000000) refers (Special) to rtexit2.o(.ARM.Collect$$rtexit$$00000004) for __rt_exit_exit
    rtexit.o(.ARM.Collect$$rtexit$$00000000) refers (Special) to rtexit2.o(.ARM.Collect$$rtexit$$00000003) for __rt_exit_ls
    rtexit.o(.ARM.Collect$$rtexit$$00000000) refers (Special) to rtexit2.o(.ARM.Collect$$rtexit$$00000002) for __rt_exit_prels_1
    rtexit.o(.ARM.exidx) refers (Special) to rtexit2.o(.ARM.Collect$$rtexit$$00000004) for __rt_exit_exit
    rtexit.o(.ARM.exidx) refers (Special) to rtexit2.o(.ARM.Collect$$rtexit$$00000003) for __rt_exit_ls
    rtexit.o(.ARM.exidx) refers (Special) to rtexit2.o(.ARM.Collect$$rtexit$$00000002) for __rt_exit_prels_1
    rtexit.o(.ARM.exidx) refers to rtexit.o(.ARM.Collect$$rtexit$$00000000) for .ARM.Collect$$rtexit$$00000000
    rt_raise.o(.text) refers to __raise.o(.text) for __raise
    rt_raise.o(.text) refers to sys_exit.o(.text) for _sys_exit
    defsig_exit.o(.text) refers to sys_exit.o(.text) for _sys_exit
    defsig_fpe_inner.o(.text) refers to defsig_general.o(.text) for __default_signal_display
    libinit2.o(.ARM.Collect$$libinit$$00000010) refers to libinit2.o(.ARM.Collect$$libinit$$0000000F) for .ARM.Collect$$libinit$$0000000F
    libinit2.o(.ARM.Collect$$libinit$$00000012) refers to libinit2.o(.ARM.Collect$$libinit$$0000000F) for .ARM.Collect$$libinit$$0000000F
    libinit2.o(.ARM.Collect$$libinit$$00000014) refers to libinit2.o(.ARM.Collect$$libinit$$0000000F) for .ARM.Collect$$libinit$$0000000F
    libinit2.o(.ARM.Collect$$libinit$$00000016) refers to libinit2.o(.ARM.Collect$$libinit$$0000000F) for .ARM.Collect$$libinit$$0000000F
    libinit2.o(.ARM.Collect$$libinit$$00000018) refers to libinit2.o(.ARM.Collect$$libinit$$0000000F) for .ARM.Collect$$libinit$$0000000F
    libinit2.o(.ARM.Collect$$libinit$$00000026) refers to argv_veneer.o(.text) for __ARM_argv_veneer
    libinit2.o(.ARM.Collect$$libinit$$00000027) refers to argv_veneer.o(.text) for __ARM_argv_veneer
    sys_exit.o(.text) refers (Special) to use_no_semi.o(.text) for __I$use$semihosting
    sys_exit.o(.text) refers (Special) to indicate_semi.o(.text) for __semihosting_library_function
    rtexit2.o(.ARM.Collect$$rtexit$$00000003) refers to libshutdown.o(.ARM.Collect$$libshutdown$$00000000) for __rt_lib_shutdown
    rtexit2.o(.ARM.Collect$$rtexit$$00000004) refers to sys_exit.o(.text) for _sys_exit
    rtexit2.o(.ARM.exidx) refers to rtexit2.o(.ARM.Collect$$rtexit$$00000001) for .ARM.Collect$$rtexit$$00000001
    rtexit2.o(.ARM.exidx) refers to rtexit2.o(.ARM.Collect$$rtexit$$00000003) for .ARM.Collect$$rtexit$$00000003
    rtexit2.o(.ARM.exidx) refers to rtexit2.o(.ARM.Collect$$rtexit$$00000004) for .ARM.Collect$$rtexit$$00000004
    __raise.o(.text) refers to defsig.o(CL$$defsig) for __default_signal_handler
    defsig_general.o(.text) refers to sys_wrch.o(.text) for _ttywrch
    sys_wrch.o(.text) refers (Special) to use_no_semi.o(.text) for __I$use$semihosting
    sys_wrch.o(.text) refers (Special) to indicate_semi.o(.text) for __semihosting_library_function
    defsig.o(CL$$defsig) refers to defsig_fpe_inner.o(.text) for __rt_SIGFPE_inner
    defsig.o(CL$$defsig) refers to defsig_rtmem_inner.o(.text) for __rt_SIGRTMEM_inner
    _get_argv_nomalloc.o(.text) refers (Special) to hrguard.o(.text) for __heap_region$guard
    _get_argv_nomalloc.o(.text) refers to defsig_rtmem_outer.o(.text) for __rt_SIGRTMEM
    _get_argv_nomalloc.o(.text) refers to sys_command.o(.text) for _sys_command_string
    libshutdown.o(.ARM.Collect$$libshutdown$$00000000) refers (Special) to libshutdown2.o(.ARM.Collect$$libshutdown$$00000002) for __rt_lib_shutdown_cpp_1
    libshutdown.o(.ARM.Collect$$libshutdown$$00000000) refers (Special) to libshutdown2.o(.ARM.Collect$$libshutdown$$00000007) for __rt_lib_shutdown_fp_trap_1
    libshutdown.o(.ARM.Collect$$libshutdown$$00000000) refers (Special) to libshutdown2.o(.ARM.Collect$$libshutdown$$0000000F) for __rt_lib_shutdown_heap_1
    libshutdown.o(.ARM.Collect$$libshutdown$$00000000) refers (Special) to libshutdown2.o(.ARM.Collect$$libshutdown$$00000010) for __rt_lib_shutdown_return
    libshutdown.o(.ARM.Collect$$libshutdown$$00000000) refers (Special) to libshutdown2.o(.ARM.Collect$$libshutdown$$0000000A) for __rt_lib_shutdown_signal_1
    libshutdown.o(.ARM.Collect$$libshutdown$$00000000) refers (Special) to libshutdown2.o(.ARM.Collect$$libshutdown$$00000004) for __rt_lib_shutdown_stdio_1
    libshutdown.o(.ARM.Collect$$libshutdown$$00000000) refers (Special) to libshutdown2.o(.ARM.Collect$$libshutdown$$0000000C) for __rt_lib_shutdown_user_alloc_1
    sys_command.o(.text) refers (Special) to use_no_semi.o(.text) for __I$use$semihosting
    sys_command.o(.text) refers (Special) to indicate_semi.o(.text) for __semihosting_library_function
    defsig_abrt_inner.o(.text) refers to defsig_general.o(.text) for __default_signal_display
    defsig_rtred_inner.o(.text) refers to defsig_general.o(.text) for __default_signal_display
    defsig_rtmem_inner.o(.text) refers to defsig_general.o(.text) for __default_signal_display
    defsig_rtmem_outer.o(.text) refers to defsig_rtmem_inner.o(.text) for __rt_SIGRTMEM_inner
    defsig_rtmem_outer.o(.text) refers to defsig_exit.o(.text) for __sig_exit
    defsig_rtmem_formal.o(.text) refers to rt_raise.o(.text) for __rt_raise
    defsig_stak_inner.o(.text) refers to defsig_general.o(.text) for __default_signal_display
    defsig_pvfn_inner.o(.text) refers to defsig_general.o(.text) for __default_signal_display
    defsig_cppl_inner.o(.text) refers to defsig_general.o(.text) for __default_signal_display
    defsig_segv_inner.o(.text) refers to defsig_general.o(.text) for __default_signal_display
    defsig_other.o(.text) refers to defsig_general.o(.text) for __default_signal_display


==============================================================================

Removing Unused input sections from the image.

    Removing main.o(.rev16_text), (4 bytes).
    Removing main.o(.revsh_text), (4 bytes).
    Removing main.o(i.assert_failed), (4 bytes).
    Removing led.o(.rev16_text), (4 bytes).
    Removing led.o(.revsh_text), (4 bytes).
    Removing usb.o(.rev16_text), (4 bytes).
    Removing usb.o(.revsh_text), (4 bytes).
    Removing usb.o(i.usb_init), (2 bytes).
    Removing usbd_hid_core.o(.rev16_text), (4 bytes).
    Removing usbd_hid_core.o(.revsh_text), (4 bytes).
    Removing usbd_hid_core.o(i.USBD_HID_SendReport), (30 bytes).
    Removing usbd_core.o(.rev16_text), (4 bytes).
    Removing usbd_core.o(.revsh_text), (4 bytes).
    Removing usbd_core.o(i.USBD_ClrCfg), (22 bytes).
    Removing usbd_core.o(i.USBD_DataInStage), (196 bytes).
    Removing usbd_core.o(i.USBD_DataOutStage), (128 bytes).
    Removing usbd_core.o(i.USBD_Reset), (70 bytes).
    Removing usbd_core.o(i.USBD_Resume), (20 bytes).
    Removing usbd_core.o(i.USBD_SOF), (28 bytes).
    Removing usbd_core.o(i.USBD_SetCfg), (30 bytes).
    Removing usbd_core.o(i.USBD_SetupStage), (88 bytes).
    Removing usbd_core.o(i.USBD_Suspend), (24 bytes).
    Removing usbd_core.o(.data), (32 bytes).
    Removing usbd_usr.o(.rev16_text), (4 bytes).
    Removing usbd_usr.o(.revsh_text), (4 bytes).
    Removing usbd_desc.o(.rev16_text), (4 bytes).
    Removing usbd_desc.o(.revsh_text), (4 bytes).
    Removing usbd_desc.o(.bss), (26 bytes).
    Removing usb_dcd.o(.rev16_text), (4 bytes).
    Removing usb_dcd.o(.revsh_text), (4 bytes).
    Removing usb_dcd.o(i.DCD_DevDisconnect), (24 bytes).
    Removing usb_dcd.o(i.DCD_EP_ClrStall), (90 bytes).
    Removing usb_dcd.o(i.DCD_EP_PrepareRx), (114 bytes).
    Removing usb_dcd.o(i.DCD_EP_SetAddress), (76 bytes).
    Removing usb_dcd.o(i.DCD_GetEPStatus), (70 bytes).
    Removing usb_dcd.o(i.DCD_SetEPStatus), (84 bytes).
    Removing usb_dcd.o(i.DCD_StopDevice), (24 bytes).
    Removing usbd_req.o(.rev16_text), (4 bytes).
    Removing usbd_req.o(.revsh_text), (4 bytes).
    Removing usbd_req.o(i.USBD_ClrFeature), (64 bytes).
    Removing usbd_req.o(i.USBD_GetConfig), (76 bytes).
    Removing usbd_req.o(i.USBD_GetDescriptor), (288 bytes).
    Removing usbd_req.o(i.USBD_GetStatus), (68 bytes).
    Removing usbd_req.o(i.USBD_ParseSetupRequest), (48 bytes).
    Removing usbd_req.o(i.USBD_SetAddress), (84 bytes).
    Removing usbd_req.o(i.USBD_SetConfig), (192 bytes).
    Removing usbd_req.o(i.USBD_SetFeature), (34 bytes).
    Removing usbd_req.o(i.USBD_StdDevReq), (114 bytes).
    Removing usbd_req.o(i.USBD_StdEPReq), (340 bytes).
    Removing usbd_req.o(i.USBD_StdItfReq), (78 bytes).
    Removing usbd_req.o(.data), (5 bytes).
    Removing usbd_ioreq.o(.rev16_text), (4 bytes).
    Removing usbd_ioreq.o(.revsh_text), (4 bytes).
    Removing usbd_ioreq.o(i.USBD_CtlContinueRx), (26 bytes).
    Removing usbd_ioreq.o(i.USBD_CtlContinueSendData), (26 bytes).
    Removing usbd_ioreq.o(i.USBD_CtlPrepareRx), (38 bytes).
    Removing usbd_ioreq.o(i.USBD_CtlReceiveStatus), (26 bytes).
    Removing usbd_ioreq.o(i.USBD_CtlSendStatus), (26 bytes).
    Removing usbd_ioreq.o(i.USBD_GetRxCount), (18 bytes).
    Removing system_stm32f0xx.o(.rev16_text), (4 bytes).
    Removing system_stm32f0xx.o(.revsh_text), (4 bytes).
    Removing system_stm32f0xx.o(i.SystemCoreClockUpdate), (176 bytes).
    Removing usbd_req.o(i.__ARM_common_switch8), (28 bytes).

63 unused section(s) (total 3025 bytes) removed from the image.

==============================================================================

Memory Map of the image

  Image Entry point : 0x00000000

  Load Region LR_IROM1 (Base: 0x08000000, Size: 0x00000eb4, Max: 0x00020000, ABSOLUTE)

    Execution Region ER_IROM1 (Base: 0x08000000, Size: 0x00000e1c, Max: 0x00020000, ABSOLUTE)

    Base Addr    Size         Type   Attr      Idx    E Section Name        Object

    0x08000000   0x000000c0   Data   RO          753    RESET               startup_stm32f070xb.o
    0x080000c0   0x00000008   Code   RO          803  * !!!main             c_p.l(__main.o)
    0x080000c8   0x00000002   Code   RO          841    .ARM.Collect$$libinit$$00000000  c_p.l(libinit.o)
    0x080000ca   0x00000000   Code   RO          855    .ARM.Collect$$libinit$$00000002  c_p.l(libinit2.o)
    0x080000ca   0x00000000   Code   RO          857    .ARM.Collect$$libinit$$00000004  c_p.l(libinit2.o)
    0x080000ca   0x00000000   Code   RO          860    .ARM.Collect$$libinit$$0000000A  c_p.l(libinit2.o)
    0x080000ca   0x00000000   Code   RO          862    .ARM.Collect$$libinit$$0000000C  c_p.l(libinit2.o)
    0x080000ca   0x00000000   Code   RO          864    .ARM.Collect$$libinit$$0000000E  c_p.l(libinit2.o)
    0x080000ca   0x00000000   Code   RO          867    .ARM.Collect$$libinit$$00000011  c_p.l(libinit2.o)
    0x080000ca   0x00000000   Code   RO          869    .ARM.Collect$$libinit$$00000013  c_p.l(libinit2.o)
    0x080000ca   0x00000000   Code   RO          871    .ARM.Collect$$libinit$$00000015  c_p.l(libinit2.o)
    0x080000ca   0x00000000   Code   RO          873    .ARM.Collect$$libinit$$00000017  c_p.l(libinit2.o)
    0x080000ca   0x00000000   Code   RO          875    .ARM.Collect$$libinit$$00000019  c_p.l(libinit2.o)
    0x080000ca   0x00000000   Code   RO          877    .ARM.Collect$$libinit$$0000001B  c_p.l(libinit2.o)
    0x080000ca   0x00000000   Code   RO          879    .ARM.Collect$$libinit$$0000001D  c_p.l(libinit2.o)
    0x080000ca   0x00000000   Code   RO          881    .ARM.Collect$$libinit$$0000001F  c_p.l(libinit2.o)
    0x080000ca   0x00000000   Code   RO          883    .ARM.Collect$$libinit$$00000021  c_p.l(libinit2.o)
    0x080000ca   0x00000000   Code   RO          885    .ARM.Collect$$libinit$$00000023  c_p.l(libinit2.o)
    0x080000ca   0x00000000   Code   RO          887    .ARM.Collect$$libinit$$00000025  c_p.l(libinit2.o)
    0x080000ca   0x00000000   Code   RO          891    .ARM.Collect$$libinit$$0000002C  c_p.l(libinit2.o)
    0x080000ca   0x00000000   Code   RO          893    .ARM.Collect$$libinit$$0000002E  c_p.l(libinit2.o)
    0x080000ca   0x00000000   Code   RO          895    .ARM.Collect$$libinit$$00000030  c_p.l(libinit2.o)
    0x080000ca   0x00000000   Code   RO          897    .ARM.Collect$$libinit$$00000032  c_p.l(libinit2.o)
    0x080000ca   0x00000002   Code   RO          898    .ARM.Collect$$libinit$$00000033  c_p.l(libinit2.o)
    0x080000cc   0x00000002   Code   RO          929    .ARM.Collect$$libshutdown$$00000000  c_p.l(libshutdown.o)
    0x080000ce   0x00000000   Code   RO          955    .ARM.Collect$$libshutdown$$00000002  c_p.l(libshutdown2.o)
    0x080000ce   0x00000000   Code   RO          957    .ARM.Collect$$libshutdown$$00000004  c_p.l(libshutdown2.o)
    0x080000ce   0x00000000   Code   RO          960    .ARM.Collect$$libshutdown$$00000007  c_p.l(libshutdown2.o)
    0x080000ce   0x00000000   Code   RO          963    .ARM.Collect$$libshutdown$$0000000A  c_p.l(libshutdown2.o)
    0x080000ce   0x00000000   Code   RO          965    .ARM.Collect$$libshutdown$$0000000C  c_p.l(libshutdown2.o)
    0x080000ce   0x00000000   Code   RO          968    .ARM.Collect$$libshutdown$$0000000F  c_p.l(libshutdown2.o)
    0x080000ce   0x00000002   Code   RO          969    .ARM.Collect$$libshutdown$$00000010  c_p.l(libshutdown2.o)
    0x080000d0   0x00000000   Code   RO          805    .ARM.Collect$$rtentry$$00000000  c_p.l(__rtentry.o)
    0x080000d0   0x00000000   Code   RO          811    .ARM.Collect$$rtentry$$00000002  c_p.l(__rtentry2.o)
    0x080000d0   0x00000006   Code   RO          823    .ARM.Collect$$rtentry$$00000004  c_p.l(__rtentry4.o)
    0x080000d6   0x00000000   Code   RO          813    .ARM.Collect$$rtentry$$00000009  c_p.l(__rtentry2.o)
    0x080000d6   0x00000004   Code   RO          814    .ARM.Collect$$rtentry$$0000000A  c_p.l(__rtentry2.o)
    0x080000da   0x00000000   Code   RO          816    .ARM.Collect$$rtentry$$0000000C  c_p.l(__rtentry2.o)
    0x080000da   0x00000008   Code   RO          817    .ARM.Collect$$rtentry$$0000000D  c_p.l(__rtentry2.o)
    0x080000e2   0x00000002   Code   RO          846    .ARM.Collect$$rtexit$$00000000  c_p.l(rtexit.o)
    0x080000e4   0x00000000   Code   RO          902    .ARM.Collect$$rtexit$$00000002  c_p.l(rtexit2.o)
    0x080000e4   0x00000004   Code   RO          903    .ARM.Collect$$rtexit$$00000003  c_p.l(rtexit2.o)
    0x080000e8   0x00000006   Code   RO          904    .ARM.Collect$$rtexit$$00000004  c_p.l(rtexit2.o)
    0x080000ee   0x00000002   PAD
    0x080000f0   0x00000074   Code   RO          754    .text               startup_stm32f070xb.o
    0x08000164   0x0000015a   Code   RO          797    .text               c_p.l(aeabi_sdiv.o)
    0x080002be   0x00000006   Code   RO          801    .text               c_p.l(heapauxi.o)
    0x080002c4   0x0000003e   Code   RO          827    .text               c_p.l(sys_stackheap_outer.o)
    0x08000302   0x00000010   Code   RO          830    .text               c_p.l(exit.o)
    0x08000312   0x00000002   PAD
    0x08000314   0x00000008   Code   RO          842    .text               c_p.l(libspace.o)
    0x0800031c   0x0000000c   Code   RO          899    .text               c_p.l(sys_exit.o)
    0x08000328   0x00000002   Code   RO          918    .text               c_p.l(use_no_semi.o)
    0x0800032a   0x00000000   Code   RO          920    .text               c_p.l(indicate_semi.o)
    0x0800032a   0x00000002   PAD
    0x0800032c   0x00000018   Code   RO          496    i.DCD_DevConnect    usb_dcd.o
    0x08000344   0x000000a8   Code   RO          498    i.DCD_EP_Close      usb_dcd.o
    0x080003ec   0x0000014a   Code   RO          500    i.DCD_EP_Open       usb_dcd.o
    0x08000536   0x00000002   PAD
    0x08000538   0x00000090   Code   RO          503    i.DCD_EP_Stall      usb_dcd.o
    0x080005c8   0x000000b4   Code   RO          504    i.DCD_EP_Tx         usb_dcd.o
    0x0800067c   0x00000040   Code   RO          506    i.DCD_Init          usb_dcd.o
    0x080006bc   0x00000046   Code   RO          507    i.DCD_PMA_Config    usb_dcd.o
    0x08000702   0x00000002   PAD
    0x08000704   0x00000030   Code   RO          420    i.Get_SerialNum     usbd_desc.o
    0x08000734   0x00000036   Code   RO          421    i.IntToUnicode      usbd_desc.o
    0x0800076a   0x00000002   PAD
    0x0800076c   0x00000078   Code   RO          358    i.NVIC_SetPriority  usbd_usr.o
    0x080007e4   0x000000d8   Code   RO          760    i.SetSysClock       system_stm32f0xx.o
    0x080008bc   0x00000010   Code   RO            3    i.Soft_Delay        main.o
    0x080008cc   0x0000007c   Code   RO          762    i.SystemInit        system_stm32f0xx.o
    0x08000948   0x00000010   Code   RO          598    i.USBD_CtlError     usbd_req.o
    0x08000958   0x00000022   Code   RO          701    i.USBD_CtlSendData  usbd_ioreq.o
    0x0800097a   0x00000006   Code   RO          270    i.USBD_DeInit       usbd_core.o
    0x08000980   0x00000014   Code   RO          601    i.USBD_GetLen       usbd_req.o
    0x08000994   0x0000004e   Code   RO          603    i.USBD_GetString    usbd_req.o
    0x080009e2   0x0000001a   Code   RO          177    i.USBD_HID_DeInit   usbd_hid_core.o
    0x080009fc   0x00000010   Code   RO          178    i.USBD_HID_GetCfgDesc  usbd_hid_core.o
    0x08000a0c   0x00000030   Code   RO          179    i.USBD_HID_Init     usbd_hid_core.o
    0x08000a3c   0x000000e4   Code   RO          181    i.USBD_HID_Setup    usbd_hid_core.o
    0x08000b20   0x00000042   Code   RO          271    i.USBD_Init         usbd_core.o
    0x08000b62   0x00000002   PAD
    0x08000b64   0x00000024   Code   RO          422    i.USBD_USR_ConfigStrDescriptor  usbd_desc.o
    0x08000b88   0x00000002   Code   RO          359    i.USBD_USR_DeviceConfigured  usbd_usr.o
    0x08000b8a   0x00000002   PAD
    0x08000b8c   0x00000010   Code   RO          423    i.USBD_USR_DeviceDescriptor  usbd_desc.o
    0x08000b9c   0x00000002   Code   RO          360    i.USBD_USR_DeviceReset  usbd_usr.o
    0x08000b9e   0x00000002   Code   RO          361    i.USBD_USR_DeviceResumed  usbd_usr.o
    0x08000ba0   0x00000002   Code   RO          362    i.USBD_USR_DeviceSuspended  usbd_usr.o
    0x08000ba2   0x00000002   PAD
    0x08000ba4   0x00000040   Code   RO          363    i.USBD_USR_Init     usbd_usr.o
    0x08000be4   0x00000028   Code   RO          424    i.USBD_USR_InterfaceStrDescriptor  usbd_desc.o
    0x08000c0c   0x00000010   Code   RO          425    i.USBD_USR_LangIDStrDescriptor  usbd_desc.o
    0x08000c1c   0x0000002c   Code   RO          426    i.USBD_USR_ManufacturerStrDescriptor  usbd_desc.o
    0x08000c48   0x0000002c   Code   RO          427    i.USBD_USR_ProductStrDescriptor  usbd_desc.o
    0x08000c74   0x00000010   Code   RO          428    i.USBD_USR_SerialStrDescriptor  usbd_desc.o
    0x08000c84   0x000000a4   Code   RO          125    i.leds_init         led.o
    0x08000d28   0x00000012   Code   RO          126    i.leds_red_off      led.o
    0x08000d3a   0x00000002   PAD
    0x08000d3c   0x00000014   Code   RO          127    i.leds_red_on       led.o
    0x08000d50   0x00000040   Code   RO            5    i.main              main.o
    0x08000d90   0x0000006c   Data   RO          182    .constdata          usbd_hid_core.o
    0x08000dfc   0x00000020   Data   RO          430    .constdata          usbd_desc.o
    0x08000e1c   0x00000000   Data   RO          970    Region$$Table       anon$$obj.o


    Execution Region RW_IRAM1 (Base: 0x20000000, Size: 0x00000800, Max: 0x00004000, ABSOLUTE)

    Base Addr    Size         Type   Attr      Idx    E Section Name        Object

    0x20000000   0x00000034   Data   RW          183    .data               usbd_hid_core.o
    0x20000034   0x00000014   Data   RW          364    .data               usbd_usr.o
    0x20000048   0x00000036   Data   RW          431    .data               usbd_desc.o
    0x2000007e   0x00000002   PAD
    0x20000080   0x00000004   Data   RW          510    .data               usb_dcd.o
    0x20000084   0x00000014   Data   RW          763    .data               system_stm32f0xx.o
    0x20000098   0x000000c8   Zero   RW            6    .bss                main.o
    0x20000160   0x00000040   Zero   RW          611    .bss                usbd_req.o
    0x200001a0   0x00000060   Zero   RW          843    .bss                c_p.l(libspace.o)
    0x20000200   0x00000200   Zero   RW          752    HEAP                startup_stm32f070xb.o
    0x20000400   0x00000400   Zero   RW          751    STACK               startup_stm32f070xb.o

